_:node16vicghfdx1 http://lobid.org/organisation/AAAAA,http://lobid.org/organisation/ACRPP
_:node16vicghfdx2 http://lobid.org/organisation/ACRPP
http://lobid.org/media/ACRPP_contactqr.png http://lobid.org/organisation/ACRPP
http://lobid.org/organisation/ACRPP http://lobid.org/organisation/ACRPP
http://xmlns.com/foaf/0.1/Organization http://lobid.org/organisation/ACRPP